

SMART DYSKU sdb: b'smartctl 6.6 2017-11-05 r4594 [x86_64-linux-4.19.0-17-amd64] (local build)\nCopyright (C) 2002-17, Bruce Allen, Christian Franke, www.smartmontools.org\n\n=== START OF INFORMATION SECTION ===\nModel Family:     SAMSUNG SpinPoint M7\nDevice Model:     SAMSUNG HM250HI\nSerial Number:    S20TJ9FZ901012\nLU WWN Device Id: 5 0024e9 203615eb9\nFirmware Version: 2AC101C4\nUser Capacity:    250,059,350,016 bytes [250 GB]\nSector Size:      512 bytes logical/physical\nForm Factor:      2.5 inches\nDevice is:        In smartctl database [for details use: -P show]\nATA Version is:   ATA8-ACS T13/1699-D revision 6\nSATA Version is:  SATA 2.6, 3.0 Gb/s\nLocal Time is:    Fri Jun 25 10:13:34 2021 EDT\nSMART support is: Available - device has SMART capability.\nSMART support is: Enabled\n\n=== START OF READ SMART DATA SECTION ===\nSMART overall-health self-assessment test result: PASSED\n\nGeneral SMART Values:\nOffline data collection status:  (0x00)\tOffline data collection activity\n\t\t\t\t\twas never started.\n\t\t\t\t\tAuto Offline Data Collection: Disabled.\nSelf-test execution status:      (   0)\tThe previous self-test routine completed\n\t\t\t\t\twithout error or no self-test has ever \n\t\t\t\t\tbeen run.\nTotal time to complete Offline \ndata collection: \t\t( 4560) seconds.\nOffline data collection\ncapabilities: \t\t\t (0x5b) SMART execute Offline immediate.\n\t\t\t\t\tAuto Offline data collection on/off support.\n\t\t\t\t\tSuspend Offline collection upon new\n\t\t\t\t\tcommand.\n\t\t\t\t\tOffline surface scan supported.\n\t\t\t\t\tSelf-test supported.\n\t\t\t\t\tNo Conveyance Self-test supported.\n\t\t\t\t\tSelective Self-test supported.\nSMART capabilities:            (0x0003)\tSaves SMART data before entering\n\t\t\t\t\tpower-saving mode.\n\t\t\t\t\tSupports SMART auto save timer.\nError logging capability:        (0x01)\tError logging supported.\n\t\t\t\t\tGeneral Purpose Logging supported.\nShort self-test routine \nrecommended polling time: \t (   2) minutes.\nExtended self-test routine\nrecommended polling time: \t (  76) minutes.\nSCT capabilities: \t       (0x003f)\tSCT Status supported.\n\t\t\t\t\tSCT Error Recovery Control supported.\n\t\t\t\t\tSCT Feature Control supported.\n\t\t\t\t\tSCT Data Table supported.\n\nSMART Attributes Data Structure revision number: 16\nVendor Specific SMART Attributes with Thresholds:\nID# ATTRIBUTE_NAME          FLAG     VALUE WORST THRESH TYPE      UPDATED  WHEN_FAILED RAW_VALUE\n  1 Raw_Read_Error_Rate     0x002f   100   100   051    Pre-fail  Always       -       2\n  2 Throughput_Performance  0x0026   252   252   000    Old_age   Always       -       0\n  3 Spin_Up_Time            0x0023   092   092   025    Pre-fail  Always       -       2430\n  4 Start_Stop_Count        0x0032   098   098   000    Old_age   Always       -       2149\n  5 Reallocated_Sector_Ct   0x0033   252   252   010    Pre-fail  Always       -       0\n  7 Seek_Error_Rate         0x002e   252   252   051    Old_age   Always       -       0\n  8 Seek_Time_Performance   0x0024   252   252   015    Old_age   Offline      -       0\n  9 Power_On_Hours          0x0032   100   100   000    Old_age   Always       -       1425\n 10 Spin_Retry_Count        0x0032   252   252   051    Old_age   Always       -       0\n 11 Calibration_Retry_Count 0x0032   100   100   000    Old_age   Always       -       25\n 12 Power_Cycle_Count       0x0032   099   099   000    Old_age   Always       -       1584\n191 G-Sense_Error_Rate      0x0022   100   100   000    Old_age   Always       -       1307\n192 Power-Off_Retract_Count 0x0022   252   252   000    Old_age   Always       -       0\n194 Temperature_Celsius     0x0002   064   052   000    Old_age   Always       -       34 (Min/Max 12/48)\n195 Hardware_ECC_Recovered  0x003a   100   100   000    Old_age   Always       -       0\n196 Reallocated_Event_Count 0x0032   252   252   000    Old_age   Always       -       0\n197 Current_Pending_Sector  0x0032   252   252   000    Old_age   Always       -       0\n198 Offline_Uncorrectable   0x0030   252   252   000    Old_age   Offline      -       0\n199 UDMA_CRC_Error_Count    0x0036   100   100   000    Old_age   Always       -       2\n200 Multi_Zone_Error_Rate   0x002a   100   100   000    Old_age   Always       -       210\n223 Load_Retry_Count        0x0032   100   100   000    Old_age   Always       -       25\n225 Load_Cycle_Count        0x0032   098   098   000    Old_age   Always       -       26449\n\nSMART Error Log Version: 1\nNo Errors Logged\n\nSMART Self-test log structure revision number 1\nNo self-tests have been logged.  [To run self-tests, use: smartctl -t]\n\nSMART Selective self-test log data structure revision number 0\nNote: revision number not 1 implies that no selective self-test has ever been run\n SPAN  MIN_LBA  MAX_LBA  CURRENT_TEST_STATUS\n    1        0        0  Completed [00% left] (0-65535)\n    2        0        0  Not_testing\n    3        0        0  Not_testing\n    4        0        0  Not_testing\n    5        0        0  Not_testing\nSelective self-test flags (0x0):\n  After scanning selected spans, do NOT read-scan remainder of disk.\nIf Selective self-test is pending on power-up, resume after 0 minute delay.\n\n'